[0.157s] Invoking command in '/home/kachi/ros2_ws2/build/person_msgs': /usr/bin/cmake /home/kachi/ros2_ws2/ros2_ws2/src/person_msgs -DCMAKE_INSTALL_PREFIX=/home/kachi/ros2_ws2/install/person_msgs
[0.165s] -- Found ament_cmake: 0.7.6 (/opt/ros/dashing/share/ament_cmake/cmake)
[0.179s] -- Found PythonInterp: /usr/bin/python3 (found suitable version "3.6.9", minimum required is "3") 
[0.179s] -- Using PYTHON_EXECUTABLE: /usr/bin/python3
[0.316s] -- Found rosidl_default_generators: 0.7.0 (/opt/ros/dashing/share/rosidl_default_generators/cmake)
[1.255s] -- Found rosidl_adapter: 0.7.10 (/opt/ros/dashing/share/rosidl_adapter/cmake)
[2.154s] -- Found PythonInterp: /usr/bin/python3 (found version "3.6.9") 
[2.227s] Error parsing '/home/kachi/ros2_ws2/ros2_ws2/src/person_msgs/package.xml':
[2.265s] Traceback (most recent call last):
[2.265s]   File "/usr/lib/python3/dist-packages/catkin_pkg/package.py", line 610, in parse_package_string
[2.265s]     root = dom.parseString(data)
[2.265s]   File "/usr/lib/python3.6/xml/dom/minidom.py", line 1968, in parseString
[2.265s]     return expatbuilder.parseString(string)
[2.265s]   File "/usr/lib/python3.6/xml/dom/expatbuilder.py", line 925, in parseString
[2.265s]     return builder.parseString(string)
[2.265s]   File "/usr/lib/python3.6/xml/dom/expatbuilder.py", line 223, in parseString
[2.265s]     parser.Parse(string, True)
[2.265s] xml.parsers.expat.ExpatError: not well-formed (invalid token): line 22, column 0
[2.265s] 
[2.265s] During handling of the above exception, another exception occurred:
[2.265s] 
[2.265s] Traceback (most recent call last):
[2.265s]   File "/opt/ros/dashing/share/ament_cmake_core/cmake/core/package_xml_2_cmake.py", line 143, in <module>
[2.265s]     main()
[2.265s]   File "/opt/ros/dashing/share/ament_cmake_core/cmake/core/package_xml_2_cmake.py", line 52, in main
[2.265s]     raise e
[2.265s]   File "/opt/ros/dashing/share/ament_cmake_core/cmake/core/package_xml_2_cmake.py", line 49, in main
[2.265s]     args.package_xml.read(), filename=args.package_xml.name)
[2.265s]   File "/usr/lib/python3/dist-packages/catkin_pkg/package.py", line 612, in parse_package_string
[2.265s]     raise InvalidPackage('The manifest contains invalid XML:\n%s' % ex, filename)
[2.265s] catkin_pkg.package.InvalidPackage: Error(s) in package '/home/kachi/ros2_ws2/ros2_ws2/src/person_msgs/package.xml':
[2.265s] The manifest contains invalid XML:
[2.265s] not well-formed (invalid token): line 22, column 0
[2.273s] CMake Error at /opt/ros/dashing/share/ament_cmake_core/cmake/core/ament_package_xml.cmake:94 (message):
[2.273s]   execute_process(/usr/bin/python3
[2.273s]   /opt/ros/dashing/share/ament_cmake_core/cmake/core/package_xml_2_cmake.py
[2.273s]   /home/kachi/ros2_ws2/ros2_ws2/src/person_msgs/package.xml
[2.273s]   /home/kachi/ros2_ws2/build/person_msgs/ament_cmake_core/package.cmake)
[2.273s]   returned error code 1
[2.273s] Call Stack (most recent call first):
[2.273s]   /opt/ros/dashing/share/ament_cmake_core/cmake/core/ament_package_xml.cmake:49 (_ament_package_xml)
[2.273s]   /opt/ros/dashing/share/rosidl_cmake/cmake/rosidl_generate_interfaces.cmake:226 (ament_package_xml)
[2.273s]   CMakeLists.txt:25 (rosidl_generate_interfaces)
[2.273s] 
[2.273s] 
[2.274s] -- Configuring incomplete, errors occurred!
[2.274s] See also "/home/kachi/ros2_ws2/build/person_msgs/CMakeFiles/CMakeOutput.log".
[2.276s] Invoked command in '/home/kachi/ros2_ws2/build/person_msgs' returned '1': /usr/bin/cmake /home/kachi/ros2_ws2/ros2_ws2/src/person_msgs -DCMAKE_INSTALL_PREFIX=/home/kachi/ros2_ws2/install/person_msgs
